// Jest Snapshot v1, https://goo.gl/fbAQLP

exports[`should match Snapshot 1`] = `
<header
  className={undefined}
>
  <h1>
    Header
  </h1>
</header>
`;
