// Jest Snapshot v1, https://goo.gl/fbAQLP

exports[`should match Snapshot 1`] = `
"<div className=\\"card card__large card__primary_color\\">
  <div>
    Render me
  </div>
</div>"
`;
