// Jest Snapshot v1, https://goo.gl/fbAQLP

exports[`should match Snapshot 1`] = `
"<div className=\\"performanceMark performanceMarkLarge\\" style={{...}}>
  P
</div>"
`;
