// Jest Snapshot v1, https://goo.gl/fbAQLP

exports[`(Components) Footer - footer  should match Snapshot 1`] = `
<footer
  className="Footer"
>
  <h1>
    Footer
  </h1>
</footer>
`;
