// Jest Snapshot v1, https://goo.gl/fbAQLP

exports[`should match Snapshot 1`] = `
"<div className=\\"wrapper\\">
  <button className=\\"button\\" onClick={[Function]} aria-label=\\"close navigation menu\\">
    âœ•
  </button>
  <h1>
    SideBar
  </h1>
  <Connect(CityNav) categoryId=\\"jobs\\" cityId=\\"perth\\" />
</div>"
`;
