// Jest Snapshot v1, https://goo.gl/fbAQLP

exports[`should match Snapshot 1`] = `
"<a className=\\"link\\" href=\\"https://www.example.com\\" rel={{...}} target={{...}}>
  https://www.example.com
</a>"
`;
